// Jest Snapshot v1, https://goo.gl/fbAQLP

exports[`Check that cursor-hover class is not present 1`] = `
<div
  className="wv-map"
  id="wv-map"
/>
`;
